#
# There is insufficient memory for the Java Runtime Environment to continue.
# Native memory allocation (mmap) failed to map 58720256 bytes for G1 virtual space
# Possible reasons:
#   The system is out of physical RAM or swap space
#   The process is running with CompressedOops enabled, and the Java Heap may be blocking the growth of the native heap
# Possible solutions:
#   Reduce memory load on the system
#   Increase physical memory or swap space
#   Check if swap backing store is full
#   Decrease Java heap size (-Xmx/-Xms)
#   Decrease number of Java threads
#   Decrease Java thread stack sizes (-Xss)
#   Set larger code cache with -XX:ReservedCodeCacheSize=
#   JVM is running with Unscaled Compressed Oops mode in which the Java heap is
#     placed in the first 4GB address space. The Java Heap base address is the
#     maximum limit for the native heap growth. Please use -XX:HeapBaseMinAddress
#     to set the Java Heap base and to place the Java Heap above 4GB virtual address.
# This output file may be truncated or incomplete.
#
#  Out of Memory Error (os_windows.cpp:3548), pid=12704, tid=17336
#
# JRE version:  (17.0.11+7) (build )
# Java VM: Java HotSpot(TM) 64-Bit Server VM (17.0.11+7-LTS-207, mixed mode, emulated-client, sharing, tiered, compressed oops, compressed class ptrs, g1 gc, windows-amd64)
# No core dump will be written. Minidumps are not enabled by default on client versions of Windows
#

---------------  S U M M A R Y ------------

Command Line: -Dcom.sun.management.jmxremote -Dcom.sun.management.jmxremote.port=53989 -Dcom.sun.management.jmxremote.authenticate=false -Dcom.sun.management.jmxremote.ssl=false -Djava.rmi.server.hostname=localhost -Dspring.jmx.enabled=true -Dmanagement.endpoints.jmx.exposure.include=* -Dspring.application.admin.enabled=true -XX:TieredStopAtLevel=1 -Dspring.boot.project.name=mini_tms -Dfile.encoding=UTF-8 -Dstdout.encoding=UTF-8 -Dstderr.encoding=UTF-8 -XX:+ShowCodeDetailsInExceptionMessages mini_tms.MiniTmsApplication --spring.output.ansi.enabled=always

Host: AMD Athlon 300U with Radeon Vega Mobile Gfx    , 4 cores, 3G,  Windows 10 , 64 bit Build 19041 (10.0.19041.5915)
Time: Sat Aug 16 07:00:37 2025 Paris, Madrid (heure duild 19041 (10.0.19041.5915) elapsed time: 0.048902 seconds (0d 0h 0m 0s)

---------------  T H R E A D  ---------------

Current thread (0x0000018b02742270):  JavaThread "Unknown thread" [_thread_in_vm, id=17336, stack(0x0000002545100000,0x0000002545200000)]

Stack: [0x0000002545100000,0x0000002545200000]
Native frames: (J=compiled Java code, j=interpreted, Vv=VM code, C=native code)
V  [jvm.dll+0x679cca]
V  [jvm.dll+0x7da13d]
V  [jvm.dll+0x7dba83]
V  [jvm.dll+0x7dc0f3]
V  [jvm.dll+0x2449af]
V  [jvm.dll+0x676ce9]
V  [jvm.dll+0x66b852]
V  [jvm.dll+0x3018d6]
V  [jvm.dll+0x308e76]
V  [jvm.dll+0x3596ee]
V  [jvm.dll+0x35991f]
V  [jvm.dll+0x2d89a8]
V  [jvm.dll+0x2d9914]
V  [jvm.dll+0x7ac6b1]
V  [jvm.dll+0x366f61]
V  [jvm.dll+0x78b609]
V  [jvm.dll+0x3ec22f]
V  [jvm.dll+0x3ede61]
C  [jli.dll+0x5297]
C  [ucrtbase.dll+0x21bb2]
C  [KERNEL32.DLL+0x17374]
C  [ntdll.dll+0x4cc91]


---------------  P R O C E S S  ---------------

Threads class SMR info:
_java_thread_list=0x00007ffd92917a18, length=0, elements={
}

Java Threads: ( => current thread )

Other Threads:
  0x0000018b0277ac80 GCTaskThread "GC Thread#0" [stack: 0x0000002545200000,0x0000002545300000] [id=18940]
  0x0000018b02784010 ConcurrentGCThread "G1 Main Marker" [stack: 0x0000002545300000,0x0000002545400000] [id=11992]
  0x0000018b02784930 ConcurrentGCThread "G1 Conc#0" [stack: 0x0000002545400000,0x0000002545500000] [id=1088]

[error occurred during error reporting (printing all threads), id 0xc0000005, EXCEPTION_ACCESS_VIOLATION (0xc0000005) at pc=0x00007ffd92149497]

VM state: not at safepoint (not fully initialized)

VM Mutex/Monitor currently owned by a thread:  ([mutex/lock_event])
[0x0000018b0273dc20] Heap_lock - owner thread: 0x0000018b02742270

Heap address: 0x00000000c9400000, size: 876 MB, Compressed Oops mode: 32-bit

CDS archive(s) mapped at: [0x0000000000000000-0x0000000000000000-0x0000000000000000), size 0, SharedBaseAddress: 0x0000000800000000, ArchiveRelocationMode: 1.
Narrow klass base: 0x0000000000000000, Narrow klass shift: 0, Narrow klass range: 0x0

GC Precious Log:
<Empty>

Heap:
 garbage-first heap   total 0K, used 0K [0x00000000c9400000, 0x0000000100000000)
  region size 1024K, 0 young (0K), 0 survivors (0K)

[error occurred during error reporting (printing heap information), id 0xc0000005, EXCEPTION_ACCESS_VIOLATION (0xc0000005) at pc=0x00007ffd92533559]

GC Heap History (0 events):
No events

Deoptimization events (0 events):
No events

Classes unloaded (0 events):
No events

Classes redefined (0 events):
No events

Internal exceptions (0 events):
No events

VM Operations (0 events):
No events

Events (1 events):
Event: 0.033 Loaded shared library C:\Program Files\Java\jdk-17\bin\java.dll


Dynamic libraries:
0x00007ff616f80000 - 0x00007ff616f90000 	C:\Program Files\Java\jdk-17\bin\javaw.exe
0x00007ffdea190000 - 0x00007ffdea388000 	C:\WINDOWS\SYSTEM32\ntdll.dll
0x00007ffde92e0000 - 0x00007ffde93a2000 	C:\WINDOWS\System32\KERNEL32.DLL
0x00007ffde7cb0000 - 0x00007ffde7fa6000 	C:\WINDOWS\System32\KERNELBASE.dll
0x00007ffde7820000 - 0x00007ffde7920000 	C:\WINDOWS\System32\ucrtbase.dll
0x00007ffdcd620000 - 0x00007ffdcd639000 	C:\Program Files\Java\jdk-17\bin\jli.dll
0x00007ffde9fd0000 - 0x00007ffdea081000 	C:\WINDOWS\System32\ADVAPI32.dll
0x00007ffde8700000 - 0x00007ffde879e000 	C:\WINDOWS\System32\msvcrt.dll
0x00007ffde8f90000 - 0x00007ffde902f000 	C:\WINDOWS\System32\sechost.dll
0x00007ffde85d0000 - 0x00007ffde86f3000 	C:\WINDOWS\System32\RPCRT4.dll
0x00007ffde7920000 - 0x00007ffde7947000 	C:\WINDOWS\System32\bcrypt.dll
0x00007ffde81b0000 - 0x00007ffde834d000 	C:\WINDOWS\System32\USER32.dll
0x00007ffde7b50000 - 0x00007ffde7b72000 	C:\WINDOWS\System32\win32u.dll
0x00007ffde8470000 - 0x00007ffde849b000 	C:\WINDOWS\System32\GDI32.dll
0x00007ffde8090000 - 0x00007ffde81a9000 	C:\WINDOWS\System32\gdi32full.dll
0x00007ffde7ab0000 - 0x00007ffde7b4d000 	C:\WINDOWS\System32\msvcp_win.dll
0x00007ffdce590000 - 0x00007ffdce5ab000 	C:\Program Files\Java\jdk-17\bin\VCRUNTIME140.dll
0x00007ffde6c50000 - 0x00007ffde6eea000 	C:\WINDOWS\WinSxS\amd64_microsoft.windows.common-controls_6595b64144ccf1df_6.0.19041.5915_none_60b4b9d171f9c7c7\COMCTL32.dll
0x00007ffde4120000 - 0x00007ffde412a000 	C:\WINDOWS\SYSTEM32\VERSION.dll
0x00007ffde9030000 - 0x00007ffde905f000 	C:\WINDOWS\System32\IMM32.DLL
0x00007ffdce930000 - 0x00007ffdce93c000 	C:\Program Files\Java\jdk-17\bin\vcruntime140_1.dll
0x00007ffdabbe0000 - 0x00007ffdabc6e000 	C:\Program Files\Java\jdk-17\bin\msvcp140.dll
0x00007ffd91e60000 - 0x00007ffd92a40000 	C:\Program Files\Java\jdk-17\bin\server\jvm.dll
0x00007ffde9490000 - 0x00007ffde9498000 	C:\WINDOWS\System32\PSAPI.DLL
0x00007ffdce490000 - 0x00007ffdce499000 	C:\WINDOWS\SYSTEM32\WSOCK32.dll
0x00007ffdded90000 - 0x00007ffddedb7000 	C:\WINDOWS\SYSTEM32\WINMM.dll
0x00007ffde9210000 - 0x00007ffde927b000 	C:\WINDOWS\System32\WS2_32.dll
0x00007ffde4830000 - 0x00007ffde4842000 	C:\WINDOWS\SYSTEM32\kernel.appcore.dll
0x00007ffdce560000 - 0x00007ffdce56a000 	C:\Program Files\Java\jdk-17\bin\jimage.dll
0x00007ffde7180000 - 0x00007ffde7381000 	C:\WINDOWS\SYSTEM32\DBGHELP.DLL
0x00007ffde70c0000 - 0x00007ffde70f4000 	C:\WINDOWS\SYSTEM32\dbgcore.DLL
0x00007ffde8000000 - 0x00007ffde8082000 	C:\WINDOWS\System32\bcryptPrimitives.dll
0x00007ffdc9ee0000 - 0x00007ffdc9f05000 	C:\Program Files\Java\jdk-17\bin\java.dll

dbghelp: loaded successfully - version: 4.0.5 - missing functions: none
symbol engine: initialized successfully - sym options: 0x614 - pdb path: .;C:\Program Files\Java\jdk-17\bin;C:\WINDOWS\SYSTEM32;C:\WINDOWS\WinSxS\amd64_microsoft.windows.common-controls_6595b64144ccf1df_6.0.19041.5915_none_60b4b9d171f9c7c7;C:\Program Files\Java\jdk-17\bin\server

VM Arguments:
jvm_args: -Dcom.sun.management.jmxremote -Dcom.sun.management.jmxremote.port=53989 -Dcom.sun.management.jmxremote.authenticate=false -Dcom.sun.management.jmxremote.ssl=false -Djava.rmi.server.hostname=localhost -Dspring.jmx.enabled=true -Dmanagement.endpoints.jmx.exposure.include=* -Dspring.application.admin.enabled=true -XX:TieredStopAtLevel=1 -Dspring.boot.project.name=mini_tms -Dfile.encoding=UTF-8 -Dstdout.encoding=UTF-8 -Dstderr.encoding=UTF-8 -XX:+ShowCodeDetailsInExceptionMessages 
java_command: mini_tms.MiniTmsApplication --spring.output.ansi.enabled=always
java_class_path (initial): C:\Users\ing\Desktop\tms\mini_tms\target\classes;C:\Users\ing\.m2\repository\org\springframework\boot\spring-boot-starter-web\3.2.0\spring-boot-starter-web-3.2.0.jar;C:\Users\ing\.m2\repository\org\springframework\boot\spring-boot-starter\3.2.0\spring-boot-starter-3.2.0.jar;C:\Users\ing\.m2\repository\org\springframework\boot\spring-boot-starter-logging\3.2.0\spring-boot-starter-logging-3.2.0.jar;C:\Users\ing\.m2\repository\ch\qos\logback\logback-classic\1.4.11\logback-classic-1.4.11.jar;C:\Users\ing\.m2\repository\ch\qos\logback\logback-core\1.4.11\logback-core-1.4.11.jar;C:\Users\ing\.m2\repository\org\apache\logging\log4j\log4j-to-slf4j\2.21.1\log4j-to-slf4j-2.21.1.jar;C:\Users\ing\.m2\repository\org\apache\logging\log4j\log4j-api\2.21.1\log4j-api-2.21.1.jar;C:\Users\ing\.m2\repository\org\slf4j\jul-to-slf4j\2.0.9\jul-to-slf4j-2.0.9.jar;C:\Users\ing\.m2\repository\jakarta\annotation\jakarta.annotation-api\2.1.1\jakarta.annotation-api-2.1.1.jar;C:\Users\ing\.m2\repository\org\yaml\snakeyaml\2.2\snakeyaml-2.2.jar;C:\Users\ing\.m2\repository\org\springframework\boot\spring-boot-starter-json\3.2.0\spring-boot-starter-json-3.2.0.jar;C:\Users\ing\.m2\repository\com\fasterxml\jackson\core\jackson-databind\2.15.3\jackson-databind-2.15.3.jar;C:\Users\ing\.m2\repository\com\fasterxml\jackson\core\jackson-annotations\2.15.3\jackson-annotations-2.15.3.jar;C:\Users\ing\.m2\repository\com\fasterxml\jackson\core\jackson-core\2.15.3\jackson-core-2.15.3.jar;C:\Users\ing\.m2\repository\com\fasterxml\jackson\datatype\jackson-datatype-jdk8\2.15.3\jackson-datatype-jdk8-2.15.3.jar;C:\Users\ing\.m2\repository\com\fasterxml\jackson\datatype\jackson-datatype-jsr310\2.15.3\jackson-datatype-jsr310-2.15.3.jar;C:\Users\ing\.m2\repository\com\fasterxml\jackson\module\jackson-module-parameter-names\2.15.3\jackson-module-parameter-names-2.15.3.jar;C:\Users\ing\.m2\repository\org\springframework\boot\spring-boot-starter-tomcat\3.2.0\spring-boot-starter-tomcat-3.2.0.j
Launcher Type: SUN_STANDARD

[Global flags]
     intx CICompilerCount                          = 3                                         {product} {ergonomic}
     uint ConcGCThreads                            = 1                                         {product} {ergonomic}
     uint G1ConcRefinementThreads                  = 4                                         {product} {ergonomic}
   size_t G1HeapRegionSize                         = 1048576                                   {product} {ergonomic}
    uintx GCDrainStackTargetSize                   = 64                                        {product} {ergonomic}
   size_t InitialHeapSize                          = 58720256                                  {product} {ergonomic}
     bool ManagementServer                         = true                                      {product} {command line}
   size_t MarkStackSize                            = 4194304                                   {product} {ergonomic}
   size_t MaxHeapSize                              = 918552576                                 {product} {ergonomic}
   size_t MinHeapDeltaBytes                        = 1048576                                   {product} {ergonomic}
   size_t MinHeapSize                              = 8388608                                   {product} {ergonomic}
    uintx NonProfiledCodeHeapSize                  = 0                                      {pd product} {ergonomic}
     bool ProfileInterpreter                       = false                                  {pd product} {command line}
    uintx ProfiledCodeHeapSize                     = 0                                      {pd product} {ergonomic}
     bool ShowCodeDetailsInExceptionMessages       = true                                   {manageable} {command line}
   size_t SoftMaxHeapSize                          = 918552576                              {manageable} {ergonomic}
     intx TieredStopAtLevel                        = 1                                         {product} {command line}
     bool UseCompressedClassPointers               = true                           {product lp64_product} {ergonomic}
     bool UseCompressedOops                        = true                           {product lp64_product} {ergonomic}
     bool UseG1GC                                  = true                                      {product} {ergonomic}
     bool UseLargePagesIndividualAllocation        = false                                  {pd product} {ergonomic}

Logging:
Log output configuration:
 #0: stdout all=warning uptime,level,tags
 #1: stderr all=off uptime,level,tags

Environment Variables:
JAVA_HOME=C:\Program Files\Java\jdk-17
PATH=C:/Users/ing/.p2/pool/plugins/org.eclipse.justj.openjdk.hotspot.jre.full.win32.x86_64_23.0.0.v20240919-1706/jre/bin/server;C:/Users/ing/.p2/pool/plugins/org.eclipse.justj.openjdk.hotspot.jre.full.win32.x86_64_23.0.0.v20240919-1706/jre/bin;C:\WINDOWS\system32;C:\WINDOWS;C:\WINDOWS\System32\Wbem;C:\WINDOWS\System32\WindowsPowerShell\v1.0\;C:\WINDOWS\System32\OpenSSH\;C:\Program Files (x86)\Intel\Intel(R) Management Engine Components\DAL;C:\Program Files\Intel\Intel(R) Management Engine Components\DAL;C:\Program Files\Git\cmd;C:\Program Files\nodejs\;C:\Program Files\Java\jdk-17\bin;C:\Program Files\Docker\Docker\resources\bin;C:\Users\ing\Anaconda3;C:\Users\ing\Anaconda3\Scripts;C:\Users\ing\Anaconda3\condabin;C:\Users\ing\AppData\Local\Programs\Python\Launcher\;C:\Users\ing\AppData\Local\Microsoft\WindowsApps;C:\Users\ing\AppData\Local\Programs\Microsoft VS Code\bin;C:\Users\ing\AppData\Local\GitHubDesktop\bin;C:\Users\ing\Downloads\apache-maven-3.9.9-bin\apache-maven-3.9.9\bin;C:\Users\ing\AppData\Roaming\npm;;C:\WINDOWS\system32;
USERNAME=ing
OS=Windows_NT
PROCESSOR_IDENTIFIER=AMD64 Family 23 Model 24 Stepping 1, AuthenticAMD



---------------  S Y S T E M  ---------------

OS:
 Windows 10 , 64 bit Build 19041 (10.0.19041.5915)
OS uptime: 11 days 4:01 hours
Hyper-V role detected

CPU: total 4 (initial active 4) (4 cores per cpu, 2 threads per core) family 23 model 24 stepping 1 microcode 0x0, cx8, cmov, fxsr, ht, mmx, 3dnowpref, sse, sse2, sse3, ssse3, sse4a, sse4.1, sse4.2, popcnt, lzcnt, tsc, tscinvbit, avx, avx2, aes, clmul, bmi1, bmi2, adx, sha, fma, vzeroupper, clflush, clflushopt, hv

Memory: 4k page, system-wide physical 3498M (264M free)
TotalPageFile size 14250M (AvailPageFile size 18M)
current process WorkingSet (physical memory assigned to process): 9M, peak: 9M
current process commit charge ("private bytes"): 46M, peak: 102M

vm_info: Java HotSpot(TM) 64-Bit Server VM (17.0.11+7-LTS-207) for windows-amd64 JRE (17.0.11+7-LTS-207), built on Mar 11 2024 19:01:50 by "mach5one" with MS VC++ 17.6 (VS2022)

END.
