#
# There is insufficient memory for the Java Runtime Environment to continue.
# Native memory allocation (mmap) failed to map 65536 bytes for Failed to commit metaspace.
# Possible reasons:
#   The system is out of physical RAM or swap space
#   The process is running with CompressedOops enabled, and the Java Heap may be blocking the growth of the native heap
# Possible solutions:
#   Reduce memory load on the system
#   Increase physical memory or swap space
#   Check if swap backing store is full
#   Decrease Java heap size (-Xmx/-Xms)
#   Decrease number of Java threads
#   Decrease Java thread stack sizes (-Xss)
#   Set larger code cache with -XX:ReservedCodeCacheSize=
#   JVM is running with Unscaled Compressed Oops mode in which the Java heap is
#     placed in the first 4GB address space. The Java Heap base address is the
#     maximum limit for the native heap growth. Please use -XX:HeapBaseMinAddress
#     to set the Java Heap base and to place the Java Heap above 4GB virtual address.
# This output file may be truncated or incomplete.
#
#  Out of Memory Error (virtualSpaceNode.cpp:110), pid=11004, tid=17516
#
# JRE version: Java(TM) SE Runtime Environment (17.0.11+7) (build 17.0.11+7-LTS-207)
# Java VM: Java HotSpot(TM) 64-Bit Server VM (17.0.11+7-LTS-207, mixed mode, emulated-client, sharing, tiered, compressed oops, compressed class ptrs, g1 gc, windows-amd64)
# No core dump will be written. Minidumps are not enabled by default on client versions of Windows
#

---------------  S U M M A R Y ------------

Command Line: -Dcom.sun.management.jmxremote -Dcom.sun.management.jmxremote.port=54012 -Dcom.sun.management.jmxremote.authenticate=false -Dcom.sun.management.jmxremote.ssl=false -Djava.rmi.server.hostname=localhost -Dspring.jmx.enabled=true -Dmanagement.endpoints.jmx.exposure.include=* -Dspring.application.admin.enabled=true -XX:TieredStopAtLevel=1 -Dspring.boot.project.name=mini_tms -Dfile.encoding=UTF-8 -Dstdout.encoding=UTF-8 -Dstderr.encoding=UTF-8 -XX:+ShowCodeDetailsInExceptionMessages mini_tms.MiniTmsApplication --spring.output.ansi.enabled=always

Host: AMD Athlon 300U with Radeon Vega Mobile Gfx    , 4 cores, 3G,  Windows 10 , 64 bit Build 19041 (10.0.19041.5915)
Time: Sat Aug 16 07:00:50 2025 Paris, Madrid (heure duild 19041 (10.0.19041.5915) elapsed time: 2.582903 seconds (0d 0h 0m 2s)

---------------  T H R E A D  ---------------

Current thread (0x0000028b0ac80eb0):  JavaThread "main" [_thread_in_vm, id=17516, stack(0x000000e5d9400000,0x000000e5d9500000)]

Stack: [0x000000e5d9400000,0x000000e5d9500000]
Native frames: (J=compiled Java code, j=interpreted, Vv=VM code, C=native code)
V  [jvm.dll+0x679cca]
V  [jvm.dll+0x7da13d]
V  [jvm.dll+0x7dba83]
V  [jvm.dll+0x7dc0f3]
V  [jvm.dll+0x2449af]
V  [jvm.dll+0x7d5d0b]
V  [jvm.dll+0x6200b6]
V  [jvm.dll+0x1be687]
V  [jvm.dll+0x622a12]
V  [jvm.dll+0x620a76]
V  [jvm.dll+0x2422dc]
V  [jvm.dll+0x6d079d]
V  [jvm.dll+0x6d116f]
V  [jvm.dll+0x36dd25]
V  [jvm.dll+0x36cdd4]
V  [jvm.dll+0x36cd78]
V  [jvm.dll+0x37ca9a]
C  0x0000028b12559ad7

Java frames: (J=compiled Java code, j=interpreted, Vv=VM code)
j  org.springframework.boot.SpringApplication.createBootstrapContext()Lorg/springframework/boot/DefaultBootstrapContext;+0
j  org.springframework.boot.SpringApplication.run([Ljava/lang/String;)Lorg/springframework/context/ConfigurableApplicationContext;+18
j  org.springframework.boot.SpringApplication.run([Ljava/lang/Class;[Ljava/lang/String;)Lorg/springframework/context/ConfigurableApplicationContext;+9
j  org.springframework.boot.SpringApplication.run(Ljava/lang/Class;[Ljava/lang/String;)Lorg/springframework/context/ConfigurableApplicationContext;+9
j  mini_tms.MiniTmsApplication.main([Ljava/lang/String;)V+3
v  ~StubRoutines::call_stub

---------------  P R O C E S S  ---------------

Threads class SMR info:
_java_thread_list=0x0000028b5f0cb4a0, length=18, elements={
0x0000028b0ac80eb0, 0x0000028b0ad29570, 0x0000028b0ad2ad20, 0x0000028b0ad39d60,
0x0000028b0ad3b090, 0x0000028b0ad3c970, 0x0000028b0ad3d9e0, 0x0000028b0ad42000,
0x0000028b0ad43850, 0x0000028b0ad14900, 0x0000028b19a2e3c0, 0x0000028b5f08dcf0,
0x0000028b5f0a47d0, 0x0000028b5f0cb8b0, 0x0000028b5f0d0250, 0x0000028b5f0ff0c0,
0x0000028b5f108590, 0x0000028b5f1419d0
}

Java Threads: ( => current thread )
=>0x0000028b0ac80eb0 JavaThread "main" [_thread_in_vm, id=17516, stack(0x000000e5d9400000,0x000000e5d9500000)]
  0x0000028b0ad29570 JavaThread "Reference Handler" daemon [_thread_blocked, id=9152, stack(0x000000e5d9b00000,0x000000e5d9c00000)]
  0x0000028b0ad2ad20 JavaThread "Finalizer" daemon [_thread_blocked, id=7972, stack(0x000000e5d9c00000,0x000000e5d9d00000)]
  0x0000028b0ad39d60 JavaThread "Signal Dispatcher" daemon [_thread_blocked, id=15008, stack(0x000000e5d9d00000,0x000000e5d9e00000)]
  0x0000028b0ad3b090 JavaThread "Attach Listener" daemon [_thread_blocked, id=12656, stack(0x000000e5d9e00000,0x000000e5d9f00000)]
  0x0000028b0ad3c970 JavaThread "Service Thread" daemon [_thread_blocked, id=6456, stack(0x000000e5d9f00000,0x000000e5da000000)]
  0x0000028b0ad3d9e0 JavaThread "Monitor Deflation Thread" daemon [_thread_blocked, id=20396, stack(0x000000e5da000000,0x000000e5da100000)]
  0x0000028b0ad42000 JavaThread "C1 CompilerThread0" daemon [_thread_blocked, id=14408, stack(0x000000e5da100000,0x000000e5da200000)]
  0x0000028b0ad43850 JavaThread "Sweeper thread" daemon [_thread_blocked, id=6696, stack(0x000000e5da200000,0x000000e5da300000)]
  0x0000028b0ad14900 JavaThread "Common-Cleaner" daemon [_thread_blocked, id=7540, stack(0x000000e5da300000,0x000000e5da400000)]
  0x0000028b19a2e3c0 JavaThread "Notification Thread" daemon [_thread_blocked, id=9504, stack(0x000000e5da400000,0x000000e5da500000)]
  0x0000028b5f08dcf0 JavaThread "RMI TCP Accept-0" daemon [_thread_in_native, id=9356, stack(0x000000e5da500000,0x000000e5da600000)]
  0x0000028b5f0a47d0 JavaThread "RMI TCP Accept-54012" daemon [_thread_in_native, id=7364, stack(0x000000e5da600000,0x000000e5da700000)]
  0x0000028b5f0cb8b0 JavaThread "RMI TCP Connection(1)-127.0.0.1" daemon [_thread_in_native, id=4040, stack(0x000000e5da700000,0x000000e5da800000)]
  0x0000028b5f0d0250 JavaThread "RMI TCP Accept-0" daemon [_thread_in_native, id=3640, stack(0x000000e5da800000,0x000000e5da900000)]
  0x0000028b5f0ff0c0 JavaThread "RMI Scheduler(0)" daemon [_thread_blocked, id=12456, stack(0x000000e5daa00000,0x000000e5dab00000)]
  0x0000028b5f108590 JavaThread "RMI TCP Connection(2)-127.0.0.1" daemon [_thread_in_native, id=3424, stack(0x000000e5dab00000,0x000000e5dac00000)]
  0x0000028b5f1419d0 JavaThread "JMX server connection timeout 21" daemon [_thread_blocked, id=2212, stack(0x000000e5dac00000,0x000000e5dad00000)]

Other Threads:
  0x0000028b0ad229f0 VMThread "VM Thread" [stack: 0x000000e5d9a00000,0x000000e5d9b00000] [id=15052]
  0x0000028b5f0a4cb0 WatcherThread [stack: 0x000000e5da900000,0x000000e5daa00000] [id=2752]
  0x0000028b0acb9b40 GCTaskThread "GC Thread#0" [stack: 0x000000e5d9500000,0x000000e5d9600000] [id=12956]
  0x0000028b5f209b00 GCTaskThread "GC Thread#1" [stack: 0x000000e5dad00000,0x000000e5dae00000] [id=5356]
  0x0000028b5f2329f0 GCTaskThread "GC Thread#2" [stack: 0x000000e5dae00000,0x000000e5daf00000] [id=4976]
  0x0000028b5f232cb0 GCTaskThread "GC Thread#3" [stack: 0x000000e5daf00000,0x000000e5db000000] [id=11132]
  0x0000028b0acc2730 ConcurrentGCThread "G1 Main Marker" [stack: 0x000000e5d9600000,0x000000e5d9700000] [id=11352]
  0x0000028b0acc3930 ConcurrentGCThread "G1 Conc#0" [stack: 0x000000e5d9700000,0x000000e5d9800000] [id=5192]
  0x0000028b0acfed50 ConcurrentGCThread "G1 Refine#0" [stack: 0x000000e5d9800000,0x000000e5d9900000] [id=18716]
  0x0000028b5f219810 ConcurrentGCThread "G1 Refine#1" [stack: 0x000000e5db000000,0x000000e5db100000] [id=18544]
  0x0000028b19b6ca40 ConcurrentGCThread "G1 Refine#2" [stack: 0x000000e5db100000,0x000000e5db200000] [id=19772]
  0x0000028b0acfff70 ConcurrentGCThread "G1 Service" [stack: 0x000000e5d9900000,0x000000e5d9a00000] [id=8048]

Threads with active compile tasks:

VM state: not at safepoint (normal execution)

VM Mutex/Monitor currently owned by a thread:  ([mutex/lock_event])
[0x0000028b0ac7d570] Metaspace_lock - owner thread: 0x0000028b0ac80eb0

Heap address: 0x00000000c9400000, size: 876 MB, Compressed Oops mode: 32-bit

CDS archive(s) mapped at: [0x0000028b1a000000-0x0000028b1abd0000-0x0000028b1abd0000), size 12386304, SharedBaseAddress: 0x0000028b1a000000, ArchiveRelocationMode: 1.
Compressed class space mapped at: 0x0000028b1b000000-0x0000028b5b000000, reserved size: 1073741824
Narrow klass base: 0x0000028b1a000000, Narrow klass shift: 0, Narrow klass range: 0x100000000

GC Precious Log:
 CPUs: 4 total, 4 available
 Memory: 3498M
 Large Page Support: Disabled
 NUMA Support: Disabled
 Compressed Oops: Enabled (32-bit)
 Heap Region Size: 1M
 Heap Min Capacity: 8M
 Heap Initial Capacity: 56M
 Heap Max Capacity: 876M
 Pre-touch: Disabled
 Parallel Workers: 4
 Concurrent Workers: 1
 Concurrent Refinement Workers: 4
 Periodic GC: Disabled

Heap:
 garbage-first heap   total 57344K, used 12520K [0x00000000c9400000, 0x0000000100000000)
  region size 1024K, 9 young (9216K), 2 survivors (2048K)
 Metaspace       used 7208K, committed 7488K, reserved 1114112K
  class space    used 930K, committed 1088K, reserved 1048576K

Heap Regions: E=young(eden), S=young(survivor), O=old, HS=humongous(starts), HC=humongous(continues), CS=collection set, F=free, OA=open archive, CA=closed archive, TAMS=top-at-mark-start (previous, next)
|   0|0x00000000c9400000, 0x00000000c9500000, 0x00000000c9500000|100%|HS|  |TAMS 0x00000000c9400000, 0x00000000c9400000| Complete 
|   1|0x00000000c9500000, 0x00000000c9600000, 0x00000000c9600000|100%| O|  |TAMS 0x00000000c9500000, 0x00000000c9500000| Untracked 
|   2|0x00000000c9600000, 0x00000000c9700000, 0x00000000c9700000|100%| O|  |TAMS 0x00000000c9600000, 0x00000000c9600000| Untracked 
|   3|0x00000000c9700000, 0x00000000c9800000, 0x00000000c9800000|100%| O|  |TAMS 0x00000000c9700000, 0x00000000c9700000| Untracked 
|   4|0x00000000c9800000, 0x00000000c983a200, 0x00000000c9900000| 22%| O|  |TAMS 0x00000000c9800000, 0x00000000c9800000| Untracked 
|   5|0x00000000c9900000, 0x00000000c9900000, 0x00000000c9a00000|  0%| F|  |TAMS 0x00000000c9900000, 0x00000000c9900000| Untracked 
|   6|0x00000000c9a00000, 0x00000000c9a00000, 0x00000000c9b00000|  0%| F|  |TAMS 0x00000000c9a00000, 0x00000000c9a00000| Untracked 
|   7|0x00000000c9b00000, 0x00000000c9b00000, 0x00000000c9c00000|  0%| F|  |TAMS 0x00000000c9b00000, 0x00000000c9b00000| Untracked 
|   8|0x00000000c9c00000, 0x00000000c9c00000, 0x00000000c9d00000|  0%| F|  |TAMS 0x00000000c9c00000, 0x00000000c9c00000| Untracked 
|   9|0x00000000c9d00000, 0x00000000c9d00000, 0x00000000c9e00000|  0%| F|  |TAMS 0x00000000c9d00000, 0x00000000c9d00000| Untracked 
|  10|0x00000000c9e00000, 0x00000000c9e00000, 0x00000000c9f00000|  0%| F|  |TAMS 0x00000000c9e00000, 0x00000000c9e00000| Untracked 
|  11|0x00000000c9f00000, 0x00000000c9f00000, 0x00000000ca000000|  0%| F|  |TAMS 0x00000000c9f00000, 0x00000000c9f00000| Untracked 
|  12|0x00000000ca000000, 0x00000000ca000000, 0x00000000ca100000|  0%| F|  |TAMS 0x00000000ca000000, 0x00000000ca000000| Untracked 
|  13|0x00000000ca100000, 0x00000000ca100000, 0x00000000ca200000|  0%| F|  |TAMS 0x00000000ca100000, 0x00000000ca100000| Untracked 
|  14|0x00000000ca200000, 0x00000000ca200000, 0x00000000ca300000|  0%| F|  |TAMS 0x00000000ca200000, 0x00000000ca200000| Untracked 
|  15|0x00000000ca300000, 0x00000000ca300000, 0x00000000ca400000|  0%| F|  |TAMS 0x00000000ca300000, 0x00000000ca300000| Untracked 
|  16|0x00000000ca400000, 0x00000000ca400000, 0x00000000ca500000|  0%| F|  |TAMS 0x00000000ca400000, 0x00000000ca400000| Untracked 
|  17|0x00000000ca500000, 0x00000000ca500000, 0x00000000ca600000|  0%| F|  |TAMS 0x00000000ca500000, 0x00000000ca500000| Untracked 
|  18|0x00000000ca600000, 0x00000000ca600000, 0x00000000ca700000|  0%| F|  |TAMS 0x00000000ca600000, 0x00000000ca600000| Untracked 
|  19|0x00000000ca700000, 0x00000000ca700000, 0x00000000ca800000|  0%| F|  |TAMS 0x00000000ca700000, 0x00000000ca700000| Untracked 
|  20|0x00000000ca800000, 0x00000000ca800000, 0x00000000ca900000|  0%| F|  |TAMS 0x00000000ca800000, 0x00000000ca800000| Untracked 
|  21|0x00000000ca900000, 0x00000000ca900000, 0x00000000caa00000|  0%| F|  |TAMS 0x00000000ca900000, 0x00000000ca900000| Untracked 
|  22|0x00000000caa00000, 0x00000000caa00000, 0x00000000cab00000|  0%| F|  |TAMS 0x00000000caa00000, 0x00000000caa00000| Untracked 
|  23|0x00000000cab00000, 0x00000000cab00000, 0x00000000cac00000|  0%| F|  |TAMS 0x00000000cab00000, 0x00000000cab00000| Untracked 
|  24|0x00000000cac00000, 0x00000000cac00000, 0x00000000cad00000|  0%| F|  |TAMS 0x00000000cac00000, 0x00000000cac00000| Untracked 
|  25|0x00000000cad00000, 0x00000000cad00000, 0x00000000cae00000|  0%| F|  |TAMS 0x00000000cad00000, 0x00000000cad00000| Untracked 
|  26|0x00000000cae00000, 0x00000000cae00000, 0x00000000caf00000|  0%| F|  |TAMS 0x00000000cae00000, 0x00000000cae00000| Untracked 
|  27|0x00000000caf00000, 0x00000000caf00000, 0x00000000cb000000|  0%| F|  |TAMS 0x00000000caf00000, 0x00000000caf00000| Untracked 
|  28|0x00000000cb000000, 0x00000000cb000000, 0x00000000cb100000|  0%| F|  |TAMS 0x00000000cb000000, 0x00000000cb000000| Untracked 
|  29|0x00000000cb100000, 0x00000000cb100000, 0x00000000cb200000|  0%| F|  |TAMS 0x00000000cb100000, 0x00000000cb100000| Untracked 
|  30|0x00000000cb200000, 0x00000000cb200000, 0x00000000cb300000|  0%| F|  |TAMS 0x00000000cb200000, 0x00000000cb200000| Untracked 
|  31|0x00000000cb300000, 0x00000000cb300000, 0x00000000cb400000|  0%| F|  |TAMS 0x00000000cb300000, 0x00000000cb300000| Untracked 
|  32|0x00000000cb400000, 0x00000000cb400000, 0x00000000cb500000|  0%| F|  |TAMS 0x00000000cb400000, 0x00000000cb400000| Untracked 
|  33|0x00000000cb500000, 0x00000000cb500000, 0x00000000cb600000|  0%| F|  |TAMS 0x00000000cb500000, 0x00000000cb500000| Untracked 
|  34|0x00000000cb600000, 0x00000000cb600000, 0x00000000cb700000|  0%| F|  |TAMS 0x00000000cb600000, 0x00000000cb600000| Untracked 
|  35|0x00000000cb700000, 0x00000000cb700000, 0x00000000cb800000|  0%| F|  |TAMS 0x00000000cb700000, 0x00000000cb700000| Untracked 
|  36|0x00000000cb800000, 0x00000000cb800000, 0x00000000cb900000|  0%| F|  |TAMS 0x00000000cb800000, 0x00000000cb800000| Untracked 
|  37|0x00000000cb900000, 0x00000000cb900000, 0x00000000cba00000|  0%| F|  |TAMS 0x00000000cb900000, 0x00000000cb900000| Untracked 
|  38|0x00000000cba00000, 0x00000000cba00000, 0x00000000cbb00000|  0%| F|  |TAMS 0x00000000cba00000, 0x00000000cba00000| Untracked 
|  39|0x00000000cbb00000, 0x00000000cbb00000, 0x00000000cbc00000|  0%| F|  |TAMS 0x00000000cbb00000, 0x00000000cbb00000| Untracked 
|  40|0x00000000cbc00000, 0x00000000cbc00000, 0x00000000cbd00000|  0%| F|  |TAMS 0x00000000cbc00000, 0x00000000cbc00000| Untracked 
|  41|0x00000000cbd00000, 0x00000000cbe00000, 0x00000000cbe00000|100%| S|CS|TAMS 0x00000000cbd00000, 0x00000000cbd00000| Complete 
|  42|0x00000000cbe00000, 0x00000000cbf00000, 0x00000000cbf00000|100%| S|CS|TAMS 0x00000000cbe00000, 0x00000000cbe00000| Complete 
|  43|0x00000000cbf00000, 0x00000000cbf00000, 0x00000000cc000000|  0%| F|  |TAMS 0x00000000cbf00000, 0x00000000cbf00000| Untracked 
|  44|0x00000000cc000000, 0x00000000cc000000, 0x00000000cc100000|  0%| F|  |TAMS 0x00000000cc000000, 0x00000000cc000000| Untracked 
|  45|0x00000000cc100000, 0x00000000cc100000, 0x00000000cc200000|  0%| F|  |TAMS 0x00000000cc100000, 0x00000000cc100000| Untracked 
|  46|0x00000000cc200000, 0x00000000cc200000, 0x00000000cc300000|  0%| F|  |TAMS 0x00000000cc200000, 0x00000000cc200000| Untracked 
|  47|0x00000000cc300000, 0x00000000cc300000, 0x00000000cc400000|  0%| F|  |TAMS 0x00000000cc300000, 0x00000000cc300000| Untracked 
|  48|0x00000000cc400000, 0x00000000cc400000, 0x00000000cc500000|  0%| F|  |TAMS 0x00000000cc400000, 0x00000000cc400000| Untracked 
|  49|0x00000000cc500000, 0x00000000cc59e218, 0x00000000cc600000| 61%| E|  |TAMS 0x00000000cc500000, 0x00000000cc500000| Complete 
|  50|0x00000000cc600000, 0x00000000cc700000, 0x00000000cc700000|100%| E|CS|TAMS 0x00000000cc600000, 0x00000000cc600000| Complete 
|  51|0x00000000cc700000, 0x00000000cc800000, 0x00000000cc800000|100%| E|CS|TAMS 0x00000000cc700000, 0x00000000cc700000| Complete 
|  52|0x00000000cc800000, 0x00000000cc900000, 0x00000000cc900000|100%| E|CS|TAMS 0x00000000cc800000, 0x00000000cc800000| Complete 
|  53|0x00000000cc900000, 0x00000000cca00000, 0x00000000cca00000|100%| E|CS|TAMS 0x00000000cc900000, 0x00000000cc900000| Complete 
|  54|0x00000000cca00000, 0x00000000ccb00000, 0x00000000ccb00000|100%| E|CS|TAMS 0x00000000cca00000, 0x00000000cca00000| Complete 
|  55|0x00000000ccb00000, 0x00000000ccc00000, 0x00000000ccc00000|100%| E|CS|TAMS 0x00000000ccb00000, 0x00000000ccb00000| Complete 

Card table byte_map: [0x0000028b0aa50000,0x0000028b0ac10000] _byte_map_base: 0x0000028b0a406000

Marking Bits (Prev, Next): (CMBitMap*) 0x0000028b0acbb080, (CMBitMap*) 0x0000028b0acbb0c0
 Prev Bits: [0x0000028b15700000, 0x0000028b164b0000)
 Next Bits: [0x0000028b164b0000, 0x0000028b17260000)

Polling page: 0x0000028b08c20000

Metaspace:

Usage:
  Non-class:      6.13 MB used.
      Class:    930.77 KB used.
       Both:      7.04 MB used.

Virtual space:
  Non-class space:       64.00 MB reserved,       6.25 MB ( 10%) committed,  1 nodes.
      Class space:        1.00 GB reserved,       1.06 MB ( <1%) committed,  1 nodes.
             Both:        1.06 GB reserved,       7.31 MB ( <1%) committed. 

Chunk freelists:
   Non-Class:  9.36 MB
       Class:  14.98 MB
        Both:  24.34 MB

MaxMetaspaceSize: unlimited
CompressedClassSpaceSize: 1.00 GB
Initial GC threshold: 21.00 MB
Current GC threshold: 21.00 MB
CDS: on
MetaspaceReclaimPolicy: balanced
 - commit_granule_bytes: 65536.
 - commit_granule_words: 8192.
 - virtual_space_node_default_size: 8388608.
 - enlarge_chunks_in_place: 1.
 - new_chunks_are_fully_committed: 0.
 - uncommit_free_chunks: 1.
 - use_allocation_guard: 0.
 - handle_deallocations: 1.


Internal statistics:

num_allocs_failed_limit: 0.
num_arena_births: 196.
num_arena_deaths: 0.
num_vsnodes_births: 2.
num_vsnodes_deaths: 0.
num_space_committed: 117.
num_space_uncommitted: 0.
num_chunks_returned_to_freelist: 0.
num_chunks_taken_from_freelist: 335.
num_chunk_merges: 0.
num_chunk_splits: 205.
num_chunks_enlarged: 108.
num_inconsistent_stats: 0.

CodeCache: size=49152Kb used=2892Kb max_used=2892Kb free=46259Kb
 bounds [0x0000028b12540000, 0x0000028b12820000, 0x0000028b15540000]
 total_blobs=1693 nmethods=1238 adapters=383
 compilation: enabled
              stopped_count=0, restarted_count=0
 full_count=0

Compilation events (20 events):
Event: 2.557 Thread 0x0000028b0ad42000 1228   !   1       java.util.zip.Inflater::setInput (69 bytes)
Event: 2.558 Thread 0x0000028b0ad42000 nmethod 1228 0x0000028b1280de10 code [0x0000028b1280dfc0, 0x0000028b1280e2c8]
Event: 2.559 Thread 0x0000028b0ad42000 1229   !   1       java.util.zip.ZipFile$CleanableResource::getInflater (47 bytes)
Event: 2.559 Thread 0x0000028b0ad42000 nmethod 1229 0x0000028b1280e410 code [0x0000028b1280e600, 0x0000028b1280ebc8]
Event: 2.559 Thread 0x0000028b0ad42000 1230       1       java.util.zip.ZipFile$ZipFileInflaterInputStream::<init> (41 bytes)
Event: 2.560 Thread 0x0000028b0ad42000 nmethod 1230 0x0000028b1280ee10 code [0x0000028b1280efe0, 0x0000028b1280f3f8]
Event: 2.560 Thread 0x0000028b0ad42000 1231       1       java.util.zip.InflaterInputStream::<init> (79 bytes)
Event: 2.560 Thread 0x0000028b0ad42000 nmethod 1231 0x0000028b1280f590 code [0x0000028b1280f760, 0x0000028b1280fd38]
Event: 2.560 Thread 0x0000028b0ad42000 1232       1       java.util.zip.ZipFile$InflaterCleanupAction::<init> (15 bytes)
Event: 2.560 Thread 0x0000028b0ad42000 nmethod 1232 0x0000028b1280fe90 code [0x0000028b12810020, 0x0000028b12810178]
Event: 2.563 Thread 0x0000028b0ad42000 1233       1       java.lang.reflect.Constructor::newInstance (34 bytes)
Event: 2.563 Thread 0x0000028b0ad42000 nmethod 1233 0x0000028b12810210 code [0x0000028b128103c0, 0x0000028b128104f8]
Event: 2.569 Thread 0x0000028b0ad42000 1234       1       java.lang.invoke.TypeConvertingMethodAdapter::cast (42 bytes)
Event: 2.570 Thread 0x0000028b0ad42000 nmethod 1234 0x0000028b12810590 code [0x0000028b12810760, 0x0000028b12810928]
Event: 2.573 Thread 0x0000028b0ad42000 1235   !   1       java.lang.invoke.MethodHandleNatives::linkMethodHandleConstant (50 bytes)
Event: 2.573 Thread 0x0000028b0ad42000 nmethod 1235 0x0000028b12810d90 code [0x0000028b12810f40, 0x0000028b128110a8]
Event: 2.573 Thread 0x0000028b0ad42000 1238       1       jdk.internal.org.objectweb.asm.Type::getTypeInternal (199 bytes)
Event: 2.574 Thread 0x0000028b0ad42000 nmethod 1238 0x0000028b12811210 code [0x0000028b12811460, 0x0000028b12811c48]
Event: 2.574 Thread 0x0000028b0ad42000 1236       1       java.lang.invoke.MethodHandles$Lookup::linkMethodHandleConstant (223 bytes)
Event: 2.575 Thread 0x0000028b0ad42000 nmethod 1236 0x0000028b12811e90 code [0x0000028b12812180, 0x0000028b12812d98]

GC Heap History (2 events):
Event: 1.699 GC heap before
{Heap before GC invocations=0 (full 0):
 garbage-first heap   total 57344K, used 13312K [0x00000000c9400000, 0x0000000100000000)
  region size 1024K, 13 young (13312K), 0 survivors (0K)
 Metaspace       used 5548K, committed 5760K, reserved 1114112K
  class space    used 688K, committed 832K, reserved 1048576K
}
Event: 1.713 GC heap after
{Heap after GC invocations=1 (full 0):
 garbage-first heap   total 57344K, used 6376K [0x00000000c9400000, 0x0000000100000000)
  region size 1024K, 2 young (2048K), 2 survivors (2048K)
 Metaspace       used 5548K, committed 5760K, reserved 1114112K
  class space    used 688K, committed 832K, reserved 1048576K
}

Deoptimization events (0 events):
No events

Classes unloaded (0 events):
No events

Classes redefined (0 events):
No events

Internal exceptions (20 events):
Event: 0.751 Thread 0x0000028b0ac80eb0 Exception <a 'java/lang/NoSuchMethodError'{0x00000000cc4bb6a8}: 'void java.lang.invoke.DirectMethodHandle$Holder.invokeStatic(java.lang.Object, java.lang.Object, java.lang.Object)'> (0x00000000cc4bb6a8) 
thrown [s\open\src\hotspot\share\interpreter\linkResolver.cpp, line 759]
Event: 0.873 Thread 0x0000028b0ac80eb0 Exception <a 'java/lang/NoSuchMethodError'{0x00000000cc4fff08}: 'int java.lang.invoke.DirectMethodHandle$Holder.invokeSpecialIFC(java.lang.Object, java.lang.Object, java.lang.Object)'> (0x00000000cc4fff08) 
thrown [s\open\src\hotspot\share\interpreter\linkResolver.cpp, line 759]
Event: 1.030 Thread 0x0000028b0ac80eb0 Exception <a 'java/lang/NoSuchMethodError'{0x00000000cc376a68}: 'java.lang.Object java.lang.invoke.DirectMethodHandle$Holder.invokeStaticInit(java.lang.Object, int, int, int, int)'> (0x00000000cc376a68) 
thrown [s\open\src\hotspot\share\interpreter\linkResolver.cpp, line 759]
Event: 1.299 Thread 0x0000028b0ac80eb0 Exception <a 'java/lang/NoSuchMethodError'{0x00000000cc3a75b8}: 'java.lang.Object java.lang.invoke.DirectMethodHandle$Holder.invokeStaticInit(java.lang.Object, java.lang.Object, int, int, int, int)'> (0x00000000cc3a75b8) 
thrown [s\open\src\hotspot\share\interpreter\linkResolver.cpp, line 759]
Event: 1.327 Thread 0x0000028b0ac80eb0 Exception <a 'java/lang/ClassNotFoundException'{0x00000000cc3c2d30}: javax/management/remote/rmi/RMIServerImpl_Skel> (0x00000000cc3c2d30) 
thrown [s\open\src\hotspot\share\classfile\systemDictionary.cpp, line 256]
Event: 1.462 Thread 0x0000028b0ac80eb0 Exception <a 'java/lang/ClassNotFoundException'{0x00000000cc2a3d00}: jdk/internal/agent/resources/spi/agentProvider> (0x00000000cc2a3d00) 
thrown [s\open\src\hotspot\share\classfile\systemDictionary.cpp, line 256]
Event: 1.599 Thread 0x0000028b5f108590 Exception <a 'java/lang/NoSuchMethodError'{0x00000000cc068670}: static [B.<clinit>()V> (0x00000000cc068670) 
thrown [s\open\src\hotspot\share\prims\jni.cpp, line 1112]
Event: 1.644 Thread 0x0000028b5f108590 Exception <a 'java/lang/ClassNotFoundException'{0x00000000cbf040b0}: javax/management/remote/rmi/RMIConnectionImpl_Skel> (0x00000000cbf040b0) 
thrown [s\open\src\hotspot\share\classfile\systemDictionary.cpp, line 256]
Event: 1.650 Thread 0x0000028b5f1419d0 Exception <a 'java/lang/NoSuchMethodError'{0x00000000cbf60800}: 'java.lang.Object java.lang.invoke.Invokers$Holder.linkToTargetMethod(java.lang.Object, long, java.lang.Object)'> (0x00000000cbf60800) 
thrown [s\open\src\hotspot\share\interpreter\linkResolver.cpp, line 759]
Event: 1.692 Thread 0x0000028b5f108590 Exception <a 'java/lang/reflect/InvocationTargetException'{0x00000000cbf39df8}> (0x00000000cbf39df8) 
thrown [s\open\src\hotspot\share\runtime\reflection.cpp, line 1121]
Event: 1.719 Thread 0x0000028b5f108590 Exception <a 'java/lang/NoSuchMethodError'{0x00000000ccb8e3b8}: static [Ljava/lang/StackTraceElement;.<clinit>()V> (0x00000000ccb8e3b8) 
thrown [s\open\src\hotspot\share\prims\jni.cpp, line 1112]
Event: 1.770 Thread 0x0000028b0ac80eb0 Exception <a 'java/lang/NoSuchMethodError'{0x00000000ccbe98d0}: 'java.lang.Object java.lang.invoke.DirectMethodHandle$Holder.invokeSpecial(java.lang.Object, java.lang.Object, java.lang.Object, long, java.lang.Object)'> (0x00000000ccbe98d0) 
thrown [s\open\src\hotspot\share\interpreter\linkResolver.cpp, line 759]
Event: 1.771 Thread 0x0000028b0ac80eb0 Exception <a 'java/lang/NoSuchMethodError'{0x00000000ccbed4a0}: 'java.lang.Object java.lang.invoke.Invokers$Holder.linkToTargetMethod(java.lang.Object, long, java.lang.Object, java.lang.Object)'> (0x00000000ccbed4a0) 
thrown [s\open\src\hotspot\share\interpreter\linkResolver.cpp, line 759]
Event: 1.799 Thread 0x0000028b0ac80eb0 Exception <a 'java/lang/ClassNotFoundException'{0x00000000cca13ca0}: javax/smartcardio/CardPermission> (0x00000000cca13ca0) 
thrown [s\open\src\hotspot\share\classfile\systemDictionary.cpp, line 256]
Event: 1.807 Thread 0x0000028b0ac80eb0 Exception <a 'java/io/FileNotFoundException'{0x00000000cca22198}> (0x00000000cca22198) 
thrown [s\open\src\hotspot\share\prims\jni.cpp, line 516]
Event: 2.286 Thread 0x0000028b5f108590 Exception <a 'java/lang/reflect/InvocationTargetException'{0x00000000ccba23d8}> (0x00000000ccba23d8) 
thrown [s\open\src\hotspot\share\runtime\reflection.cpp, line 1121]
Event: 2.354 Thread 0x0000028b0ac80eb0 Exception <a 'java/lang/NoSuchMethodError'{0x00000000cc811280}: 'void java.lang.invoke.DirectMethodHandle$Holder.invokeStatic(java.lang.Object, java.lang.Object, java.lang.Object, java.lang.Object)'> (0x00000000cc811280) 
thrown [s\open\src\hotspot\share\interpreter\linkResolver.cpp, line 759]
Event: 2.439 Thread 0x0000028b0ac80eb0 Exception <a 'java/lang/NoSuchMethodError'{0x00000000cc7456c0}: 'int java.lang.invoke.DirectMethodHandle$Holder.invokeStaticInit(java.lang.Object, java.lang.Object)'> (0x00000000cc7456c0) 
thrown [s\open\src\hotspot\share\interpreter\linkResolver.cpp, line 759]
Event: 2.463 Thread 0x0000028b0ac80eb0 Exception <a 'java/lang/NoSuchMethodError'{0x00000000cc797728}: 'void java.lang.invoke.DirectMethodHandle$Holder.invokeInterface(java.lang.Object, java.lang.Object, java.lang.Object, java.lang.Object)'> (0x00000000cc797728) 
thrown [s\open\src\hotspot\share\interpreter\linkResolver.cpp, line 759]
Event: 2.573 Thread 0x0000028b0ac80eb0 Exception <a 'java/lang/NoSuchMethodError'{0x00000000cc56c1c0}: 'java.lang.Object java.lang.invoke.DirectMethodHandle$Holder.invokeInterface(java.lang.Object, java.lang.Object)'> (0x00000000cc56c1c0) 
thrown [s\open\src\hotspot\share\interpreter\linkResolver.cpp, line 759]

VM Operations (18 events):
Event: 0.300 Executing VM operation: HandshakeAllThreads
Event: 0.300 Executing VM operation: HandshakeAllThreads done
Event: 0.782 Executing VM operation: HandshakeAllThreads
Event: 0.782 Executing VM operation: HandshakeAllThreads done
Event: 0.923 Executing VM operation: HandshakeAllThreads
Event: 0.923 Executing VM operation: HandshakeAllThreads done
Event: 1.326 Executing VM operation: HandshakeAllThreads
Event: 1.326 Executing VM operation: HandshakeAllThreads done
Event: 1.326 Executing VM operation: Cleanup
Event: 1.326 Executing VM operation: Cleanup done
Event: 1.638 Executing VM operation: HandshakeAllThreads
Event: 1.638 Executing VM operation: HandshakeAllThreads done
Event: 1.640 Executing VM operation: HandshakeAllThreads
Event: 1.640 Executing VM operation: HandshakeAllThreads done
Event: 1.651 Executing VM operation: HandshakeAllThreads
Event: 1.651 Executing VM operation: HandshakeAllThreads done
Event: 1.697 Executing VM operation: G1CollectForAllocation
Event: 1.714 Executing VM operation: G1CollectForAllocation done

Events (20 events):
Event: 2.567 loading class java/util/concurrent/CountDownLatch
Event: 2.567 loading class java/util/concurrent/CountDownLatch done
Event: 2.567 loading class java/util/concurrent/CountDownLatch$Sync
Event: 2.567 loading class java/util/concurrent/CountDownLatch$Sync done
Event: 2.568 loading class java/lang/invoke/MethodHandle$1
Event: 2.568 loading class java/lang/invoke/MethodHandle$1 done
Event: 2.570 loading class java/lang/StackStreamFactory
Event: 2.570 loading class java/lang/StackStreamFactory done
Event: 2.570 loading class java/lang/StackWalker$ExtendedOption
Event: 2.570 loading class java/lang/StackWalker$ExtendedOption done
Event: 2.570 loading class java/lang/StackStreamFactory$StackFrameTraverser
Event: 2.571 loading class java/lang/StackStreamFactory$StackFrameTraverser done
Event: 2.571 loading class java/lang/StackStreamFactory$WalkerState
Event: 2.571 loading class java/lang/StackStreamFactory$WalkerState done
Event: 2.571 loading class java/lang/StackStreamFactory$1
Event: 2.571 loading class java/lang/StackStreamFactory$1 done
Event: 2.571 loading class java/lang/StackStreamFactory$StackFrameTraverser$StackFrameBuffer
Event: 2.572 loading class java/lang/StackStreamFactory$FrameBuffer
Event: 2.572 loading class java/lang/StackStreamFactory$FrameBuffer done
Event: 2.572 loading class java/lang/StackStreamFactory$StackFrameTraverser$StackFrameBuffer done


Dynamic libraries:
0x00007ff616f80000 - 0x00007ff616f90000 	C:\Program Files\Java\jdk-17\bin\javaw.exe
0x00007ffdea190000 - 0x00007ffdea388000 	C:\WINDOWS\SYSTEM32\ntdll.dll
0x00007ffde92e0000 - 0x00007ffde93a2000 	C:\WINDOWS\System32\KERNEL32.DLL
0x00007ffde7cb0000 - 0x00007ffde7fa6000 	C:\WINDOWS\System32\KERNELBASE.dll
0x00007ffde7820000 - 0x00007ffde7920000 	C:\WINDOWS\System32\ucrtbase.dll
0x00007ffdce590000 - 0x00007ffdce5ab000 	C:\Program Files\Java\jdk-17\bin\VCRUNTIME140.dll
0x00007ffdcd620000 - 0x00007ffdcd639000 	C:\Program Files\Java\jdk-17\bin\jli.dll
0x00007ffde9fd0000 - 0x00007ffdea081000 	C:\WINDOWS\System32\ADVAPI32.dll
0x00007ffde8700000 - 0x00007ffde879e000 	C:\WINDOWS\System32\msvcrt.dll
0x00007ffde8f90000 - 0x00007ffde902f000 	C:\WINDOWS\System32\sechost.dll
0x00007ffde85d0000 - 0x00007ffde86f3000 	C:\WINDOWS\System32\RPCRT4.dll
0x00007ffde7920000 - 0x00007ffde7947000 	C:\WINDOWS\System32\bcrypt.dll
0x00007ffde81b0000 - 0x00007ffde834d000 	C:\WINDOWS\System32\USER32.dll
0x00007ffde7b50000 - 0x00007ffde7b72000 	C:\WINDOWS\System32\win32u.dll
0x00007ffde8470000 - 0x00007ffde849b000 	C:\WINDOWS\System32\GDI32.dll
0x00007ffde8090000 - 0x00007ffde81a9000 	C:\WINDOWS\System32\gdi32full.dll
0x00007ffde7ab0000 - 0x00007ffde7b4d000 	C:\WINDOWS\System32\msvcp_win.dll
0x00007ffde6c50000 - 0x00007ffde6eea000 	C:\WINDOWS\WinSxS\amd64_microsoft.windows.common-controls_6595b64144ccf1df_6.0.19041.5915_none_60b4b9d171f9c7c7\COMCTL32.dll
0x00007ffde4120000 - 0x00007ffde412a000 	C:\WINDOWS\SYSTEM32\VERSION.dll
0x00007ffde9030000 - 0x00007ffde905f000 	C:\WINDOWS\System32\IMM32.DLL
0x00007ffdce930000 - 0x00007ffdce93c000 	C:\Program Files\Java\jdk-17\bin\vcruntime140_1.dll
0x00007ffdabbe0000 - 0x00007ffdabc6e000 	C:\Program Files\Java\jdk-17\bin\msvcp140.dll
0x00007ffd91e60000 - 0x00007ffd92a40000 	C:\Program Files\Java\jdk-17\bin\server\jvm.dll
0x00007ffde9490000 - 0x00007ffde9498000 	C:\WINDOWS\System32\PSAPI.DLL
0x00007ffdce490000 - 0x00007ffdce499000 	C:\WINDOWS\SYSTEM32\WSOCK32.dll
0x00007ffde9210000 - 0x00007ffde927b000 	C:\WINDOWS\System32\WS2_32.dll
0x00007ffdded90000 - 0x00007ffddedb7000 	C:\WINDOWS\SYSTEM32\WINMM.dll
0x00007ffde4830000 - 0x00007ffde4842000 	C:\WINDOWS\SYSTEM32\kernel.appcore.dll
0x00007ffdce560000 - 0x00007ffdce56a000 	C:\Program Files\Java\jdk-17\bin\jimage.dll
0x00007ffde7180000 - 0x00007ffde7381000 	C:\WINDOWS\SYSTEM32\DBGHELP.DLL
0x00007ffde70c0000 - 0x00007ffde70f4000 	C:\WINDOWS\SYSTEM32\dbgcore.DLL
0x00007ffde8000000 - 0x00007ffde8082000 	C:\WINDOWS\System32\bcryptPrimitives.dll
0x00007ffdc9ee0000 - 0x00007ffdc9f05000 	C:\Program Files\Java\jdk-17\bin\java.dll
0x00007ffda4560000 - 0x00007ffda4637000 	C:\Program Files\Java\jdk-17\bin\jsvml.dll
0x00007ffde87a0000 - 0x00007ffde8f0e000 	C:\WINDOWS\System32\SHELL32.dll
0x00007ffde4b30000 - 0x00007ffde52d4000 	C:\WINDOWS\SYSTEM32\windows.storage.dll
0x00007ffde99d0000 - 0x00007ffde9d23000 	C:\WINDOWS\System32\combase.dll
0x00007ffde69e0000 - 0x00007ffde6a0b000 	C:\WINDOWS\SYSTEM32\Wldp.dll
0x00007ffde9de0000 - 0x00007ffde9ead000 	C:\WINDOWS\System32\OLEAUT32.dll
0x00007ffdea090000 - 0x00007ffdea13d000 	C:\WINDOWS\System32\SHCORE.dll
0x00007ffde9f70000 - 0x00007ffde9fcb000 	C:\WINDOWS\System32\shlwapi.dll
0x00007ffde7750000 - 0x00007ffde7774000 	C:\WINDOWS\SYSTEM32\profapi.dll
0x00007ffdc89e0000 - 0x00007ffdc89f9000 	C:\Program Files\Java\jdk-17\bin\net.dll
0x00007ffddee80000 - 0x00007ffddef8a000 	C:\WINDOWS\SYSTEM32\WINHTTP.dll
0x00007ffde67c0000 - 0x00007ffde682a000 	C:\WINDOWS\system32\mswsock.dll
0x00007ffdc8630000 - 0x00007ffdc8646000 	C:\Program Files\Java\jdk-17\bin\nio.dll
0x00007ffdc8610000 - 0x00007ffdc8628000 	C:\Program Files\Java\jdk-17\bin\zip.dll
0x00007ffdce3c0000 - 0x00007ffdce3ca000 	C:\Program Files\Java\jdk-17\bin\management.dll
0x00007ffdcdc60000 - 0x00007ffdcdc6b000 	C:\Program Files\Java\jdk-17\bin\management_ext.dll
0x00007ffd98f00000 - 0x00007ffd98f17000 	C:\WINDOWS\system32\napinsp.dll
0x00007ffd98ee0000 - 0x00007ffd98efb000 	C:\WINDOWS\system32\pnrpnsp.dll
0x00007ffde6500000 - 0x00007ffde65ca000 	C:\WINDOWS\SYSTEM32\DNSAPI.dll
0x00007ffde64c0000 - 0x00007ffde64fb000 	C:\WINDOWS\SYSTEM32\IPHLPAPI.DLL
0x00007ffdea140000 - 0x00007ffdea148000 	C:\WINDOWS\System32\NSI.dll
0x00007ffde3b20000 - 0x00007ffde3b3d000 	C:\WINDOWS\system32\NLAapi.dll
0x00007ffd98ec0000 - 0x00007ffd98ed2000 	C:\WINDOWS\System32\winrnr.dll
0x00007ffde1390000 - 0x00007ffde13ad000 	C:\WINDOWS\system32\wshbth.dll
0x00007ffdd3270000 - 0x00007ffdd327a000 	C:\Windows\System32\rasadhlp.dll
0x00007ffdd4930000 - 0x00007ffdd49b0000 	C:\WINDOWS\System32\fwpuclnt.dll
0x00007ffde74c0000 - 0x00007ffde74d8000 	C:\WINDOWS\SYSTEM32\CRYPTSP.dll
0x00007ffde6160000 - 0x00007ffde6198000 	C:\WINDOWS\system32\rsaenh.dll
0x00007ffde7710000 - 0x00007ffde773e000 	C:\WINDOWS\SYSTEM32\USERENV.dll
0x00007ffde6950000 - 0x00007ffde695c000 	C:\WINDOWS\SYSTEM32\CRYPTBASE.dll
0x00007ffddd940000 - 0x00007ffddd957000 	C:\WINDOWS\SYSTEM32\dhcpcsvc6.DLL
0x00007ffddebe0000 - 0x00007ffddebfd000 	C:\WINDOWS\SYSTEM32\dhcpcsvc.DLL

dbghelp: loaded successfully - version: 4.0.5 - missing functions: none
symbol engine: initialized successfully - sym options: 0x614 - pdb path: .;C:\Program Files\Java\jdk-17\bin;C:\WINDOWS\SYSTEM32;C:\WINDOWS\WinSxS\amd64_microsoft.windows.common-controls_6595b64144ccf1df_6.0.19041.5915_none_60b4b9d171f9c7c7;C:\Program Files\Java\jdk-17\bin\server

VM Arguments:
jvm_args: -Dcom.sun.management.jmxremote -Dcom.sun.management.jmxremote.port=54012 -Dcom.sun.management.jmxremote.authenticate=false -Dcom.sun.management.jmxremote.ssl=false -Djava.rmi.server.hostname=localhost -Dspring.jmx.enabled=true -Dmanagement.endpoints.jmx.exposure.include=* -Dspring.application.admin.enabled=true -XX:TieredStopAtLevel=1 -Dspring.boot.project.name=mini_tms -Dfile.encoding=UTF-8 -Dstdout.encoding=UTF-8 -Dstderr.encoding=UTF-8 -XX:+ShowCodeDetailsInExceptionMessages 
java_command: mini_tms.MiniTmsApplication --spring.output.ansi.enabled=always
java_class_path (initial): C:\Users\ing\Desktop\tms\mini_tms\target\classes;C:\Users\ing\.m2\repository\org\springframework\boot\spring-boot-starter-web\3.2.0\spring-boot-starter-web-3.2.0.jar;C:\Users\ing\.m2\repository\org\springframework\boot\spring-boot-starter\3.2.0\spring-boot-starter-3.2.0.jar;C:\Users\ing\.m2\repository\org\springframework\boot\spring-boot-starter-logging\3.2.0\spring-boot-starter-logging-3.2.0.jar;C:\Users\ing\.m2\repository\ch\qos\logback\logback-classic\1.4.11\logback-classic-1.4.11.jar;C:\Users\ing\.m2\repository\ch\qos\logback\logback-core\1.4.11\logback-core-1.4.11.jar;C:\Users\ing\.m2\repository\org\apache\logging\log4j\log4j-to-slf4j\2.21.1\log4j-to-slf4j-2.21.1.jar;C:\Users\ing\.m2\repository\org\apache\logging\log4j\log4j-api\2.21.1\log4j-api-2.21.1.jar;C:\Users\ing\.m2\repository\org\slf4j\jul-to-slf4j\2.0.9\jul-to-slf4j-2.0.9.jar;C:\Users\ing\.m2\repository\jakarta\annotation\jakarta.annotation-api\2.1.1\jakarta.annotation-api-2.1.1.jar;C:\Users\ing\.m2\repository\org\yaml\snakeyaml\2.2\snakeyaml-2.2.jar;C:\Users\ing\.m2\repository\org\springframework\boot\spring-boot-starter-json\3.2.0\spring-boot-starter-json-3.2.0.jar;C:\Users\ing\.m2\repository\com\fasterxml\jackson\core\jackson-databind\2.15.3\jackson-databind-2.15.3.jar;C:\Users\ing\.m2\repository\com\fasterxml\jackson\core\jackson-annotations\2.15.3\jackson-annotations-2.15.3.jar;C:\Users\ing\.m2\repository\com\fasterxml\jackson\core\jackson-core\2.15.3\jackson-core-2.15.3.jar;C:\Users\ing\.m2\repository\com\fasterxml\jackson\datatype\jackson-datatype-jdk8\2.15.3\jackson-datatype-jdk8-2.15.3.jar;C:\Users\ing\.m2\repository\com\fasterxml\jackson\datatype\jackson-datatype-jsr310\2.15.3\jackson-datatype-jsr310-2.15.3.jar;C:\Users\ing\.m2\repository\com\fasterxml\jackson\module\jackson-module-parameter-names\2.15.3\jackson-module-parameter-names-2.15.3.jar;C:\Users\ing\.m2\repository\org\springframework\boot\spring-boot-starter-tomcat\3.2.0\spring-boot-starter-tomcat-3.2.0.j
Launcher Type: SUN_STANDARD

[Global flags]
     intx CICompilerCount                          = 3                                         {product} {ergonomic}
     uint ConcGCThreads                            = 1                                         {product} {ergonomic}
     uint G1ConcRefinementThreads                  = 4                                         {product} {ergonomic}
   size_t G1HeapRegionSize                         = 1048576                                   {product} {ergonomic}
    uintx GCDrainStackTargetSize                   = 64                                        {product} {ergonomic}
   size_t InitialHeapSize                          = 58720256                                  {product} {ergonomic}
     bool ManagementServer                         = true                                      {product} {command line}
   size_t MarkStackSize                            = 4194304                                   {product} {ergonomic}
   size_t MaxHeapSize                              = 918552576                                 {product} {ergonomic}
   size_t MaxNewSize                               = 550502400                                 {product} {ergonomic}
   size_t MinHeapDeltaBytes                        = 1048576                                   {product} {ergonomic}
   size_t MinHeapSize                              = 8388608                                   {product} {ergonomic}
    uintx NonProfiledCodeHeapSize                  = 0                                      {pd product} {ergonomic}
     bool ProfileInterpreter                       = false                                  {pd product} {command line}
    uintx ProfiledCodeHeapSize                     = 0                                      {pd product} {ergonomic}
     bool ShowCodeDetailsInExceptionMessages       = true                                   {manageable} {command line}
   size_t SoftMaxHeapSize                          = 918552576                              {manageable} {ergonomic}
     intx TieredStopAtLevel                        = 1                                         {product} {command line}
     bool UseCompressedClassPointers               = true                           {product lp64_product} {ergonomic}
     bool UseCompressedOops                        = true                           {product lp64_product} {ergonomic}
     bool UseG1GC                                  = true                                      {product} {ergonomic}
     bool UseLargePagesIndividualAllocation        = false                                  {pd product} {ergonomic}

Logging:
Log output configuration:
 #0: stdout all=warning uptime,level,tags
 #1: stderr all=off uptime,level,tags

Environment Variables:
JAVA_HOME=C:\Program Files\Java\jdk-17
PATH=C:/Users/ing/.p2/pool/plugins/org.eclipse.justj.openjdk.hotspot.jre.full.win32.x86_64_23.0.0.v20240919-1706/jre/bin/server;C:/Users/ing/.p2/pool/plugins/org.eclipse.justj.openjdk.hotspot.jre.full.win32.x86_64_23.0.0.v20240919-1706/jre/bin;C:\WINDOWS\system32;C:\WINDOWS;C:\WINDOWS\System32\Wbem;C:\WINDOWS\System32\WindowsPowerShell\v1.0\;C:\WINDOWS\System32\OpenSSH\;C:\Program Files (x86)\Intel\Intel(R) Management Engine Components\DAL;C:\Program Files\Intel\Intel(R) Management Engine Components\DAL;C:\Program Files\Git\cmd;C:\Program Files\nodejs\;C:\Program Files\Java\jdk-17\bin;C:\Program Files\Docker\Docker\resources\bin;C:\Users\ing\Anaconda3;C:\Users\ing\Anaconda3\Scripts;C:\Users\ing\Anaconda3\condabin;C:\Users\ing\AppData\Local\Programs\Python\Launcher\;C:\Users\ing\AppData\Local\Microsoft\WindowsApps;C:\Users\ing\AppData\Local\Programs\Microsoft VS Code\bin;C:\Users\ing\AppData\Local\GitHubDesktop\bin;C:\Users\ing\Downloads\apache-maven-3.9.9-bin\apache-maven-3.9.9\bin;C:\Users\ing\AppData\Roaming\npm;;C:\WINDOWS\system32;
USERNAME=ing
OS=Windows_NT
PROCESSOR_IDENTIFIER=AMD64 Family 23 Model 24 Stepping 1, AuthenticAMD



---------------  S Y S T E M  ---------------

OS:
 Windows 10 , 64 bit Build 19041 (10.0.19041.5915)
OS uptime: 11 days 4:01 hours
Hyper-V role detected

CPU: total 4 (initial active 4) (4 cores per cpu, 2 threads per core) family 23 model 24 stepping 1 microcode 0x0, cx8, cmov, fxsr, ht, mmx, 3dnowpref, sse, sse2, sse3, ssse3, sse4a, sse4.1, sse4.2, popcnt, lzcnt, tsc, tscinvbit, avx, avx2, aes, clmul, bmi1, bmi2, adx, sha, fma, vzeroupper, clflush, clflushopt, hv

Memory: 4k page, system-wide physical 3498M (147M free)
TotalPageFile size 14250M (AvailPageFile size 0M)
current process WorkingSet (physical memory assigned to process): 67M, peak: 67M
current process commit charge ("private bytes"): 137M, peak: 137M

vm_info: Java HotSpot(TM) 64-Bit Server VM (17.0.11+7-LTS-207) for windows-amd64 JRE (17.0.11+7-LTS-207), built on Mar 11 2024 19:01:50 by "mach5one" with MS VC++ 17.6 (VS2022)

END.
